[36mvite v8.0.3 [32mbuilding client environment for production...[36m[39m
[2K
transforming...Γ£ô 1043 modules transformed.
node.exe : [31mΓ£ù[39m 
Build failed in 1.17s
At line:1 char:1
+ & "C:\Program 
Files\nodejs/node.exe" "C:
\Users\bhama\AppData\Roami
ng\ ...
+ ~~~~~~~~~~~~~~~~~~~~~~~~
~~~~~~~~~~~~~~~~~~~~~~~~~~
~~~~~~~~~~~~~~~~~~~
    + CategoryInfo        
      : NotSpecified: (  
  [31mΓ£ù[39m Build fa   
 iled in 1.17s:String)    
 [], RemoteException
    + FullyQualifiedError 
   Id : NativeCommandErr  
  or
 
[31merror during build:
[31mBuild failed with 1 
error:

[31m[UNRESOLVED_IMPORT] 
Error:[0m Could not 
resolve './QRCODE.png' in 
src/pages/Payment.jsx
   [38;5;246mΓò¡[0m[38;
5;246mΓöÇ[0m[38;5;246m[
[0m src/pages/Payment.jsx:
7:25 [38;5;246m][0m
   [38;5;246mΓöé[0m
 [38;5;246m7 Γöé[0m [38
;5;249mi[0m[38;5;249mm[
0m[38;5;249mp[0m[38;5;2
49mo[0m[38;5;249mr[0m[
38;5;249mt[0m[38;5;249m 
[0m[38;5;249mQ[0m[38;5
;249mR[0m[38;5;249mC[0m
[38;5;249mo[0m[38;5;249
md[0m[38;5;249me[0m[38
;5;249mI[0m[38;5;249mm[
0m[38;5;249ma[0m[38;5;2
49mg[0m[38;5;249me[0m[
38;5;249m [0m[38;5;249mf
[0m[38;5;249mr[0m[38;5
;249mo[0m[38;5;249mm[0m
[38;5;249m [0m"./QRCODE.
png"[38;5;249m;[0m
 [38;5;240m  Γöé[0m     
                    ΓöÇΓöÇ
ΓöÇΓöÇΓöÇΓöÇΓöÇΓö¼ΓöÇΓöÇΓö
ÇΓöÇΓöÇΓöÇ  
 [38;5;240m  Γöé[0m     
                          
 Γò░ΓöÇΓöÇΓöÇΓöÇΓöÇΓöÇΓöÇΓ
öÇ Module not found.
 [38;5;240m  Γöé[0m 
 [38;5;240m  Γöé[0m 
[38;5;115mHelp[0m: 
'src/pages/Payment.jsx' 
is imported by the 
following path:
 [38;5;240m  Γöé[0m     
    - 
src/pages/Payment.jsx
 [38;5;240m  Γöé[0m     
    - src/App.jsx
 [38;5;240m  Γöé[0m     
    - src/main.jsx
 [38;5;240m  Γöé[0m     
    - index.html
[38;5;246mΓöÇΓöÇΓöÇΓò»[0
m
[31m
    at aggregateBindingErr
orsIntoJsError (file:///D:
/VS/Si%20Nonnas/client/nod
e_modules/rolldown/dist/sh
ared/error-BLhcSyeg.mjs:48
:18)
    at 
unwrapBindingResult (file:
///D:/VS/Si%20Nonnas/clien
t/node_modules/rolldown/di
st/shared/error-BLhcSyeg.m
js:18:128)
    at #build (file:///D:/
VS/Si%20Nonnas/client/node
_modules/rolldown/dist/sha
red/rolldown-build-CPrIX9V
6.mjs:3313:34)
    at async 
buildEnvironment (file:///
D:/VS/Si%20Nonnas/client/n
ode_modules/vite/dist/node
/chunks/node.js:32849:64)
    at async Object.build 
(file:///D:/VS/Si%20Nonnas
/client/node_modules/vite/
dist/node/chunks/node.js:3
3271:19)
    at async 
Object.buildApp (file:///D
:/VS/Si%20Nonnas/client/no
de_modules/vite/dist/node/
chunks/node.js:33268:153)
    at async 
CAC.<anonymous> (file:///D
:/VS/Si%20Nonnas/client/no
de_modules/vite/dist/node/
cli.js:778:3) {
  errors: [Getter/Setter]
}[39m
